AREA .  .ABS.
	RADIX HEX
	BASE 0000
	SIZE 0000
	ATTRIB ABS OVR
	GLOBALS
		l__HEAP	0000
		l__BSEG	0000
		l_.  .ABS.	0000
		l__GSFINAL	0000
		l__ISEG	0000
		s_.  .ABS.	0000
		s__HEADER	0000
		l__XSEG	0000
		.init	0000
		l__OVERLAY	0000
		l__LIT	0000
		s__SFR	0000
		l__GSINITTAIL	0001
		l__BSS	0084
		l__HOME	01AC
		l__HEADER	01EB
		s__CODE	0200
		l__DATA	0406
		l__CODE	0A45
		s__HOME	0C45
		s__BASE	0DF1
		l__GSINIT	17C3
		l__BASE	1B3F
		s__LIT	2930
		s__GSINIT	2930
		s__GSINITTAIL	40F3
		s__GSFINAL	40F4
		.OAM	C000
		s__DATA	C0A0
		s__BSS	C4A6
		s__HEAP	C52A
		s__BSEG	C52A
		s__ISEG	C52A
		s__XSEG	C52A
		s__OVERLAY	C52A
		.STACK	E000
		.refresh_OAM	FF80
		l__SFR	10000
AREA _CODE
	RADIX HEX
	BASE 0200
	SIZE 0A45
	ATTRIB REL CON
	GLOBALS
		_moveGameCharacter	0200
		_setupShip	028A
		_setupBug	031D
		_performantDelay	03B0
		_main	03C4
		_putchar	04D4
		_setchar	04DD
		_gotoxy	04E6
		_posx	04F1
		_posy	0502
		.adv_gcurs	0513
		.circle	0530
		.horlin	05D3
		.verlin	060B
		.circplot	0667
		.box	06E5
		.line	07BB
		.xonly	08DC
		.yonly	0A2B
		.plot	0A4C
		.wrbyte	0A69
		.getpix	0AEB
		.wrtchr	0B20
		_gotogxy	0B84
		_wrtchr	0B8F
		_getpix	0BA4
		_color	0BB0
		_circle	0BBF
		_box	0BD9
		_line	0BFD
		_plot_point	0C15
		_plot	0C29
AREA _HEADER
	RADIX HEX
	BASE 0000
	SIZE 01EB
	ATTRIB ABS OVR
	GLOBALS
		_exit	01D2
AREA _HOME
	RADIX HEX
	BASE 0C45
	SIZE 01AC
	ATTRIB REL CON
	GLOBALS
		.set_mode	0C45
		.remove_VBL	0C55
		.remove_LCD	0C5B
		.remove_TIM	0C61
		.remove_SIO	0C67
		.remove_JOY	0C6D
		.add_VBL	0C73
		.add_LCD	0C79
		.add_TIM	0C7F
		.add_SIO	0C85
		.add_JOY	0C8B
		.remove_int	0C91
		.add_int	0CB1
		.wait_vbl_done	0CCD
		_wait_vbl_done	0CCD
		_display_off	0CE4
		.display_off	0CE4
		.serial_IO	0D05
		_mode	0D34
		_get_mode	0D3D
		_enable_interrupts	0D42
		_disable_interrupts	0D44
		_reset	0D46
		.reset	0D46
		_set_interrupts	0D4C
		_remove_VBL	0D57
		_remove_LCD	0D62
		_remove_TIM	0D6D
		_remove_SIO	0D78
		_remove_JOY	0D83
		_add_VBL	0D8E
		_add_LCD	0D99
		_add_TIM	0DA4
		_add_SIO	0DAF
		_add_JOY	0DBA
		_clock	0DC5
		__printTStates	0DCE
		banked_call	0DCF
		banked_ret	0DE8
AREA _BASE
	RADIX HEX
	BASE 0DF1
	SIZE 1B3F
	ATTRIB REL CON
	GLOBALS
		.mv_sprite	0DF1
		_move_sprite	0E00
		_font_spect	0E0D
		_set_win_data	118F
		_set_bkg_data	118F
		_set_sprite_data	11DC
		_font_load_ibm_fixed	120B
		_font_ibm_fixed	1212
		_font_ibm_fixed_tiles	1314
		.padup	1B14
		_waitpadup	1B14
		.jpad	1B24
		.wait_pad	1B51
		_joypad	1B58
		_waitpad	1B5D
		_font_italic	1B67
		_font_ibm	1ED1
		.set_sprite_tile	2253
		_set_sprite_tile	2260
		font_copy_uncompressed	226B
		font_copy_compressed	22A1
		font_load	22F6
		font_copy_current	233E
		font_set	2386
		.put_char	2393
		.out_char	23AC
		.del_char	23B3
		_font_load	240E
		_font_set	241C
		_font_init	242B
		_cls	244D
		.cls	244D
		.cr_curs	247F
		.adv_curs	2494
		.tmode	24F0
		.tmode_out	2519
		_font_min	2529
		.copy_vram	26D3
		_get_data	26E2
		_set_data	26E2
		.gmode	26F5
		.vbl	2757
		.lcd	2762
		.draw_image	276F
		.switch_data	2779
		_switch_data	27B0
		_draw_image	27CB
		.y_table	27DE
		.init_vram	28FE
		.init_wtt	290C
		.init_btt	291C
		.init_tt	292A
AREA _LIT
	RADIX HEX
	BASE 2930
	SIZE 0000
	ATTRIB REL CON
AREA _GSINIT
	RADIX HEX
	BASE 2930
	SIZE 17C3
	ATTRIB REL CON
	GLOBALS
		gsinit	2930
AREA _GSINITTAIL
	RADIX HEX
	BASE 40F3
	SIZE 0001
	ATTRIB REL CON
AREA _GSFINAL
	RADIX HEX
	BASE 40F4
	SIZE 0000
	ATTRIB REL CON
AREA _DATA
	RADIX HEX
	BASE C0A0
	SIZE 0406
	ATTRIB REL CON
	GLOBALS
		_Knights	C0A0
		_TileLabel	C0C0
		_simplebg_map	C140
		_windowmap	C410
		_GameSprites	C415
		_ship	C495
		_buggy	C49D
		_spriteSize	C4A5
AREA _BSS
	RADIX HEX
	BASE C4A6
	SIZE 0084
	ATTRIB REL CON
	GLOBALS
		__cpu	C4A6
		.mode	C4A7
		__io_out	C4A8
		__io_in	C4A9
		__io_status	C4AA
		.vbl_done	C4AB
		__current_bank	C4AC
		_sys_time	C4AD
		.sys_time	C4AD
		.int_0x40	C4AF
		.int_0x48	C4BF
		.int_0x50	C4CF
		.int_0x58	C4DF
		.int_0x60	C4EF
		font_current	C4FF
		font_first_free_tile	C502
		font_table	C503
		.curx	C515
		.cury	C516
		.fg_colour	C517
		.bg_colour	C518
AREA _HEAP
	RADIX HEX
	BASE C52A
	SIZE 0000
	ATTRIB REL CON
	GLOBALS
		_malloc_heap_start	C52A
AREA _OVERLAY
	RADIX HEX
	BASE C52A
	SIZE 0000
	ATTRIB REL CON
AREA _ISEG
	RADIX HEX
	BASE C52A
	SIZE 0000
	ATTRIB REL CON
AREA _BSEG
	RADIX HEX
	BASE C52A
	SIZE 0000
	ATTRIB REL CON
AREA _XSEG
	RADIX HEX
	BASE C52A
	SIZE 0000
	ATTRIB REL CON
AREA _SFR
	RADIX HEX
	BASE 0000
	SIZE 10000
	ATTRIB ABS OVR
	GLOBALS
		_P1_REG	FF00
		_SB_REG	FF01
		_SC_REG	FF02
		_DIV_REG	FF04
		_TIMA_REG	FF05
		_TMA_REG	FF06
		_TAC_REG	FF07
		_IF_REG	FF0F
		_NR10_REG	FF10
		_NR11_REG	FF11
		_NR12_REG	FF12
		_NR13_REG	FF13
		_NR14_REG	FF14
		_NR21_REG	FF16
		_NR22_REG	FF17
		_NR23_REG	FF18
		_NR24_REG	FF19
		_NR30_REG	FF1A
		_NR31_REG	FF1B
		_NR32_REG	FF1C
		_NR33_REG	FF1D
		_NR34_REG	FF1E
		_NR41_REG	FF20
		_NR42_REG	FF21
		_NR43_REG	FF22
		_NR44_REG	FF23
		_NR50_REG	FF24
		_NR51_REG	FF25
		_NR52_REG	FF26
		_LCDC_REG	FF40
		_STAT_REG	FF41
		_SCY_REG	FF42
		_SCX_REG	FF43
		_LY_REG	FF44
		_LYC_REG	FF45
		_DMA_REG	FF46
		_BGP_REG	FF47
		_OBP0_REG	FF48
		_OBP1_REG	FF49
		_WY_REG	FF4A
		_WX_REG	FF4B
		_KEY1_REG	FF4D
		_VBK_REG	FF4F
		_HDMA1_REG	FF51
		_HDMA2_REG	FF52
		_HDMA3_REG	FF53
		_HDMA4_REG	FF54
		_HDMA5_REG	FF55
		_RP_REG	FF56
		_BCPS_REG	FF68
		_BCPD_REG	FF69
		_OCPS_REG	FF6A
		_OCPD_REG	FF6B
		_SVBK_REG	FF70
		_IE_REG	FFFF
MODULES
	FILE c:\gbdk\lib/small/asxxxx/gb/crt0.o
		NAME Runtime
	FILE main.o
		NAME lcc3560
LIBRARIES
	LIBRARY c:\gbdk\lib/small/asxxxx/gb/gb.lib
		MODULE sfr.o
	LIBRARY c:\gbdk\lib/small/asxxxx/gb/gb.lib
		MODULE mv_spr.o
	LIBRARY c:\gbdk\lib/small/asxxxx/gb/gb.lib
		MODULE f_spect.o
	LIBRARY c:\gbdk\lib/small/asxxxx/gb/gb.lib
		MODULE set_data.o
	LIBRARY c:\gbdk\lib/small/asxxxx/gb/gb.lib
		MODULE ibmfixed.o
	LIBRARY c:\gbdk\lib/small/asxxxx/gb/gb.lib
		MODULE pad.o
	LIBRARY c:\gbdk\lib/small/asxxxx/gb/gb.lib
		MODULE f_italic.o
	LIBRARY c:\gbdk\lib/small/asxxxx/gb/gb.lib
		MODULE f_ibm_sh.o
	LIBRARY c:\gbdk\lib/small/asxxxx/gb/gb.lib
		MODULE set_spr.o
	LIBRARY c:\gbdk\lib/small/asxxxx/gb/gb.lib
		MODULE font.o
	LIBRARY c:\gbdk\lib/small/asxxxx/gb/gb.lib
		MODULE f_min.o
	LIBRARY c:\gbdk\lib/small/asxxxx/gb/gb.lib
		MODULE cpy_data.o
	LIBRARY c:\gbdk\lib/small/asxxxx/gb/gb.lib
		MODULE drawing.o
	LIBRARY c:\gbdk\lib/small/asxxxx/gb/gb.lib
		MODULE init_tt.o
USERBASEDEF
	_CODE=0x0200
	_DATA=0xC0A0
	_CODE_1=0x4000
USERGLOBALDEF
	.OAM=0xC000
	.STACK=0xE000
	.refresh_OAM=0xFF80
	.init=0x0000
