AREA .  .ABS.
	RADIX HEX
	BASE 0000
	SIZE 0000
	ATTRIB ABS OVR
	GLOBALS
		l__HEAP	0000
		l__BSEG	0000
		l_.  .ABS.	0000
		l__GSFINAL	0000
		l__ISEG	0000
		s_.  .ABS.	0000
		s__HEADER	0000
		l__XSEG	0000
		.init	0000
		l__OVERLAY	0000
		l__LIT	0000
		s__SFR	0000
		l__GSINITTAIL	0001
		l__BSS	0087
		l__HEADER	01EB
		s__CODE	0200
		l__DATA	0406
		l__HOME	04AF
		l__CODE	0BFC
		s__HOME	0DFC
		s__BASE	12AB
		l__GSINIT	17C3
		l__BASE	1C2C
		s__LIT	2ED7
		s__GSINIT	2ED7
		s__GSINITTAIL	469A
		s__GSFINAL	469B
		.OAM	C000
		s__DATA	C0A0
		s__BSS	C4A6
		s__HEAP	C52D
		s__BSEG	C52D
		s__ISEG	C52D
		s__XSEG	C52D
		s__OVERLAY	C52D
		.STACK	E000
		.refresh_OAM	FF80
		l__SFR	10000
AREA _CODE
	RADIX HEX
	BASE 0200
	SIZE 0BFC
	ATTRIB REL CON
	GLOBALS
		_checkCollision	0200
		_moveGameCharacter	0379
		_setupShip	0403
		_setupBug	0496
		_performantDelay	0529
		_main	053D
		_putchar	068B
		_setchar	0694
		_gotoxy	069D
		_posx	06A8
		_posy	06B9
		.adv_gcurs	06CA
		.circle	06E7
		.horlin	078A
		.verlin	07C2
		.circplot	081E
		.box	089C
		.line	0972
		.xonly	0A93
		.yonly	0BE2
		.plot	0C03
		.wrbyte	0C20
		.getpix	0CA2
		.wrtchr	0CD7
		_gotogxy	0D3B
		_wrtchr	0D46
		_getpix	0D5B
		_color	0D67
		_circle	0D76
		_box	0D90
		_line	0DB4
		_plot_point	0DCC
		_plot	0DE0
AREA _HEADER
	RADIX HEX
	BASE 0000
	SIZE 01EB
	ATTRIB ABS OVR
	GLOBALS
		_exit	01D2
AREA _HOME
	RADIX HEX
	BASE 0DFC
	SIZE 04AF
	ATTRIB REL CON
	GLOBALS
		.set_mode	0DFC
		.remove_VBL	0E0C
		.remove_LCD	0E12
		.remove_TIM	0E18
		.remove_SIO	0E1E
		.remove_JOY	0E24
		.add_VBL	0E2A
		.add_LCD	0E30
		.add_TIM	0E36
		.add_SIO	0E3C
		.add_JOY	0E42
		.remove_int	0E48
		.add_int	0E68
		.wait_vbl_done	0E84
		_wait_vbl_done	0E84
		_display_off	0E9B
		.display_off	0E9B
		.serial_IO	0EBC
		_mode	0EEB
		_get_mode	0EF4
		_enable_interrupts	0EF9
		_disable_interrupts	0EFB
		_reset	0EFD
		.reset	0EFD
		_set_interrupts	0F03
		_remove_VBL	0F0E
		_remove_LCD	0F19
		_remove_TIM	0F24
		_remove_SIO	0F2F
		_remove_JOY	0F3A
		_add_VBL	0F45
		_add_LCD	0F50
		_add_TIM	0F5B
		_add_SIO	0F66
		_add_JOY	0F71
		_clock	0F7C
		__printTStates	0F85
		banked_call	0F86
		banked_ret	0F9F
		_printf	0FA8
		_sprintf	0FD7
AREA _BASE
	RADIX HEX
	BASE 12AB
	SIZE 1C2C
	ATTRIB REL CON
	GLOBALS
		.mv_sprite	12AB
		_move_sprite	12BA
		_font_spect	12C7
		_set_win_data	1649
		_set_bkg_data	1649
		_set_sprite_data	1696
		_font_load_ibm_fixed	16C5
		_font_ibm_fixed	16CC
		_font_ibm_fixed_tiles	17CE
		.padup	1FCE
		_waitpadup	1FCE
		.jpad	1FDE
		.wait_pad	200B
		_joypad	2012
		_waitpad	2017
		_font_italic	2021
		_font_ibm	238B
		.set_sprite_tile	270D
		_set_sprite_tile	271A
		font_copy_uncompressed	2725
		font_copy_compressed	275B
		font_load	27B0
		font_copy_current	27F8
		font_set	2840
		.put_char	284D
		.out_char	2866
		.del_char	286D
		_font_load	28C8
		_font_set	28D6
		_font_init	28E5
		_cls	2907
		.cls	2907
		.cr_curs	2939
		.adv_curs	294E
		.tmode	29AA
		.tmode_out	29D3
		_font_min	29E3
		__modslong	2B8D
		__divslong	2B8D
		__mulslong	2B8D
		__divschar	2B8E
		__modschar	2B9A
		__divsint	2BA5
		__modsint	2BB6
		__divuchar	2BC5
		__moduchar	2BD1
		__divuint	2BDC
		__moduint	2BED
		.mod8	2BFC
		.div8	2BFC
		.mod16	2C04
		.div16	2C04
		.modu8	2C3A
		.divu8	2C3A
		.modu16	2C3D
		.divu16	2C3D
		.copy_vram	2C7A
		_get_data	2C89
		_set_data	2C89
		.gmode	2C9C
		.vbl	2CFE
		.lcd	2D09
		.draw_image	2D16
		.switch_data	2D20
		_switch_data	2D57
		_draw_image	2D72
		.y_table	2D85
		.init_vram	2EA5
		.init_wtt	2EB3
		.init_btt	2EC3
		.init_tt	2ED1
AREA _LIT
	RADIX HEX
	BASE 2ED7
	SIZE 0000
	ATTRIB REL CON
AREA _GSINIT
	RADIX HEX
	BASE 2ED7
	SIZE 17C3
	ATTRIB REL CON
	GLOBALS
		gsinit	2ED7
AREA _GSINITTAIL
	RADIX HEX
	BASE 469A
	SIZE 0001
	ATTRIB REL CON
AREA _GSFINAL
	RADIX HEX
	BASE 469B
	SIZE 0000
	ATTRIB REL CON
AREA _DATA
	RADIX HEX
	BASE C0A0
	SIZE 0406
	ATTRIB REL CON
	GLOBALS
		_Knights	C0A0
		_TileLabel	C0C0
		_simplebg_map	C140
		_windowmap	C410
		_GameSprites	C415
		_ship	C495
		_buggy	C49D
		_spriteSize	C4A5
AREA _BSS
	RADIX HEX
	BASE C4A6
	SIZE 0087
	ATTRIB REL CON
	GLOBALS
		__cpu	C4A6
		.mode	C4A7
		__io_out	C4A8
		__io_in	C4A9
		__io_status	C4AA
		.vbl_done	C4AB
		__current_bank	C4AC
		_sys_time	C4AD
		.sys_time	C4AD
		.int_0x40	C4AF
		.int_0x48	C4BF
		.int_0x50	C4CF
		.int_0x58	C4DF
		.int_0x60	C4EF
		font_current	C4FF
		font_first_free_tile	C502
		font_table	C503
		.curx	C515
		.cury	C516
		.fg_colour	C51A
		.bg_colour	C51B
AREA _HEAP
	RADIX HEX
	BASE C52D
	SIZE 0000
	ATTRIB REL CON
	GLOBALS
		_malloc_heap_start	C52D
AREA _OVERLAY
	RADIX HEX
	BASE C52D
	SIZE 0000
	ATTRIB REL CON
AREA _ISEG
	RADIX HEX
	BASE C52D
	SIZE 0000
	ATTRIB REL CON
AREA _BSEG
	RADIX HEX
	BASE C52D
	SIZE 0000
	ATTRIB REL CON
AREA _XSEG
	RADIX HEX
	BASE C52D
	SIZE 0000
	ATTRIB REL CON
AREA _SFR
	RADIX HEX
	BASE 0000
	SIZE 10000
	ATTRIB ABS OVR
	GLOBALS
		_P1_REG	FF00
		_SB_REG	FF01
		_SC_REG	FF02
		_DIV_REG	FF04
		_TIMA_REG	FF05
		_TMA_REG	FF06
		_TAC_REG	FF07
		_IF_REG	FF0F
		_NR10_REG	FF10
		_NR11_REG	FF11
		_NR12_REG	FF12
		_NR13_REG	FF13
		_NR14_REG	FF14
		_NR21_REG	FF16
		_NR22_REG	FF17
		_NR23_REG	FF18
		_NR24_REG	FF19
		_NR30_REG	FF1A
		_NR31_REG	FF1B
		_NR32_REG	FF1C
		_NR33_REG	FF1D
		_NR34_REG	FF1E
		_NR41_REG	FF20
		_NR42_REG	FF21
		_NR43_REG	FF22
		_NR44_REG	FF23
		_NR50_REG	FF24
		_NR51_REG	FF25
		_NR52_REG	FF26
		_LCDC_REG	FF40
		_STAT_REG	FF41
		_SCY_REG	FF42
		_SCX_REG	FF43
		_LY_REG	FF44
		_LYC_REG	FF45
		_DMA_REG	FF46
		_BGP_REG	FF47
		_OBP0_REG	FF48
		_OBP1_REG	FF49
		_WY_REG	FF4A
		_WX_REG	FF4B
		_KEY1_REG	FF4D
		_VBK_REG	FF4F
		_HDMA1_REG	FF51
		_HDMA2_REG	FF52
		_HDMA3_REG	FF53
		_HDMA4_REG	FF54
		_HDMA5_REG	FF55
		_RP_REG	FF56
		_BCPS_REG	FF68
		_BCPD_REG	FF69
		_OCPS_REG	FF6A
		_OCPD_REG	FF6B
		_SVBK_REG	FF70
		_IE_REG	FFFF
MODULES
	FILE c:\gbdk\lib/small/asxxxx/gb/crt0.o
		NAME Runtime
	FILE main.o
		NAME lcc56720
LIBRARIES
	LIBRARY c:\gbdk\lib/small/asxxxx/gb/gb.lib
		MODULE sfr.o
	LIBRARY c:\gbdk\lib/small/asxxxx/gb/gb.lib
		MODULE mv_spr.o
	LIBRARY c:\gbdk\lib/small/asxxxx/gb/gb.lib
		MODULE f_spect.o
	LIBRARY c:\gbdk\lib/small/asxxxx/gb/gb.lib
		MODULE set_data.o
	LIBRARY c:\gbdk\lib/small/asxxxx/gb/gb.lib
		MODULE ibmfixed.o
	LIBRARY c:\gbdk\lib/small/asxxxx/gb/gb.lib
		MODULE pad.o
	LIBRARY c:\gbdk\lib/small/asxxxx/gb/gb.lib
		MODULE f_italic.o
	LIBRARY c:\gbdk\lib/small/asxxxx/gb/gb.lib
		MODULE f_ibm_sh.o
	LIBRARY c:\gbdk\lib/small/asxxxx/gb/gb.lib
		MODULE set_spr.o
	LIBRARY c:\gbdk\lib/small/asxxxx/gbz80/gbz80.lib
		MODULE printf.o
	LIBRARY c:\gbdk\lib/small/asxxxx/gb/gb.lib
		MODULE font.o
	LIBRARY c:\gbdk\lib/small/asxxxx/gb/gb.lib
		MODULE f_min.o
	LIBRARY c:\gbdk\lib/small/asxxxx/gbz80/gbz80.lib
		MODULE div.o
	LIBRARY c:\gbdk\lib/small/asxxxx/gb/gb.lib
		MODULE cpy_data.o
	LIBRARY c:\gbdk\lib/small/asxxxx/gb/gb.lib
		MODULE drawing.o
	LIBRARY c:\gbdk\lib/small/asxxxx/gb/gb.lib
		MODULE init_tt.o
USERBASEDEF
	_CODE=0x0200
	_DATA=0xC0A0
	_CODE_1=0x4000
USERGLOBALDEF
	.OAM=0xC000
	.STACK=0xE000
	.refresh_OAM=0xFF80
	.init=0x0000
