AREA .  .ABS.
	RADIX HEX
	BASE 0000
	SIZE 0000
	ATTRIB ABS OVR
	GLOBALS
		l__HEAP	0000
		l__BSEG	0000
		l_.  .ABS.	0000
		l__GSFINAL	0000
		l__ISEG	0000
		s_.  .ABS.	0000
		s__HEADER	0000
		l__XSEG	0000
		.init	0000
		l__OVERLAY	0000
		l__LIT	0000
		s__SFR	0000
		l__GSINITTAIL	0001
		l__BSS	0084
		l__HOME	01AC
		l__HEADER	01EB
		s__CODE	0200
		l__DATA	0375
		l__CODE	07A5
		s__HOME	09A5
		s__BASE	0B51
		l__GSINIT	14BE
		l__BASE	1AD2
		s__LIT	2623
		s__GSINIT	2623
		s__GSINITTAIL	3AE1
		s__GSFINAL	3AE2
		.OAM	C000
		s__DATA	C0A0
		s__BSS	C415
		s__HEAP	C499
		s__BSEG	C499
		s__ISEG	C499
		s__XSEG	C499
		s__OVERLAY	C499
		.STACK	E000
		.refresh_OAM	FF80
		l__SFR	10000
AREA _CODE
	RADIX HEX
	BASE 0200
	SIZE 07A5
	ATTRIB REL CON
	GLOBALS
		_main	0200
		_putchar	0234
		_setchar	023D
		_gotoxy	0246
		_posx	0251
		_posy	0262
		.adv_gcurs	0273
		.circle	0290
		.horlin	0333
		.verlin	036B
		.circplot	03C7
		.box	0445
		.line	051B
		.xonly	063C
		.yonly	078B
		.plot	07AC
		.wrbyte	07C9
		.getpix	084B
		.wrtchr	0880
		_gotogxy	08E4
		_wrtchr	08EF
		_getpix	0904
		_color	0910
		_circle	091F
		_box	0939
		_line	095D
		_plot_point	0975
		_plot	0989
AREA _HEADER
	RADIX HEX
	BASE 0000
	SIZE 01EB
	ATTRIB ABS OVR
	GLOBALS
		_exit	01D2
AREA _HOME
	RADIX HEX
	BASE 09A5
	SIZE 01AC
	ATTRIB REL CON
	GLOBALS
		.set_mode	09A5
		.remove_VBL	09B5
		.remove_LCD	09BB
		.remove_TIM	09C1
		.remove_SIO	09C7
		.remove_JOY	09CD
		.add_VBL	09D3
		.add_LCD	09D9
		.add_TIM	09DF
		.add_SIO	09E5
		.add_JOY	09EB
		.remove_int	09F1
		.add_int	0A11
		.wait_vbl_done	0A2D
		_wait_vbl_done	0A2D
		_display_off	0A44
		.display_off	0A44
		.serial_IO	0A65
		_mode	0A94
		_get_mode	0A9D
		_enable_interrupts	0AA2
		_disable_interrupts	0AA4
		_reset	0AA6
		.reset	0AA6
		_set_interrupts	0AAC
		_remove_VBL	0AB7
		_remove_LCD	0AC2
		_remove_TIM	0ACD
		_remove_SIO	0AD8
		_remove_JOY	0AE3
		_add_VBL	0AEE
		_add_LCD	0AF9
		_add_TIM	0B04
		_add_SIO	0B0F
		_add_JOY	0B1A
		_clock	0B25
		__printTStates	0B2E
		banked_call	0B2F
		banked_ret	0B48
AREA _BASE
	RADIX HEX
	BASE 0B51
	SIZE 1AD2
	ATTRIB REL CON
	GLOBALS
		_font_spect	0B51
		_font_load_ibm_fixed	0ED3
		_font_ibm_fixed	0EDA
		_font_ibm_fixed_tiles	0FDC
		.padup	17DC
		_waitpadup	17DC
		.jpad	17EC
		.wait_pad	1819
		_joypad	1820
		_waitpad	1825
		_font_italic	182F
		_font_ibm	1B99
		.delay	1F1B
		_delay	1F55
		font_copy_uncompressed	1F5E
		font_copy_compressed	1F94
		font_load	1FE9
		font_copy_current	2031
		font_set	2079
		.put_char	2086
		.out_char	209F
		.del_char	20A6
		_font_load	2101
		_font_set	210F
		_font_init	211E
		_cls	2140
		.cls	2140
		.cr_curs	2172
		.adv_curs	2187
		.tmode	21E3
		.tmode_out	220C
		_font_min	221C
		.gmode	23C6
		.vbl	2428
		.lcd	2433
		.draw_image	2440
		.switch_data	244A
		_switch_data	2481
		_draw_image	249C
		.y_table	24AF
		.init_vram	25CF
		.init_wtt	25DD
		.init_btt	25ED
		.init_tt	25FB
		.copy_vram	2601
		_get_data	2610
		_set_data	2610
AREA _LIT
	RADIX HEX
	BASE 2623
	SIZE 0000
	ATTRIB REL CON
AREA _GSINIT
	RADIX HEX
	BASE 2623
	SIZE 14BE
	ATTRIB REL CON
	GLOBALS
		gsinit	2623
AREA _GSINITTAIL
	RADIX HEX
	BASE 3AE1
	SIZE 0001
	ATTRIB REL CON
AREA _GSFINAL
	RADIX HEX
	BASE 3AE2
	SIZE 0000
	ATTRIB REL CON
AREA _DATA
	RADIX HEX
	BASE C0A0
	SIZE 0375
	ATTRIB REL CON
	GLOBALS
		_Knights	C0A0
		_TileLabel	C0C0
		_simplebg_map	C140
		_windowmap	C410
AREA _BSS
	RADIX HEX
	BASE C415
	SIZE 0084
	ATTRIB REL CON
	GLOBALS
		__cpu	C415
		.mode	C416
		__io_out	C417
		__io_in	C418
		__io_status	C419
		.vbl_done	C41A
		__current_bank	C41B
		_sys_time	C41C
		.sys_time	C41C
		.int_0x40	C41E
		.int_0x48	C42E
		.int_0x50	C43E
		.int_0x58	C44E
		.int_0x60	C45E
		font_current	C46E
		font_first_free_tile	C471
		font_table	C472
		.curx	C484
		.cury	C485
		.fg_colour	C486
		.bg_colour	C487
AREA _HEAP
	RADIX HEX
	BASE C499
	SIZE 0000
	ATTRIB REL CON
	GLOBALS
		_malloc_heap_start	C499
AREA _OVERLAY
	RADIX HEX
	BASE C499
	SIZE 0000
	ATTRIB REL CON
AREA _ISEG
	RADIX HEX
	BASE C499
	SIZE 0000
	ATTRIB REL CON
AREA _BSEG
	RADIX HEX
	BASE C499
	SIZE 0000
	ATTRIB REL CON
AREA _XSEG
	RADIX HEX
	BASE C499
	SIZE 0000
	ATTRIB REL CON
AREA _SFR
	RADIX HEX
	BASE 0000
	SIZE 10000
	ATTRIB ABS OVR
	GLOBALS
		_P1_REG	FF00
		_SB_REG	FF01
		_SC_REG	FF02
		_DIV_REG	FF04
		_TIMA_REG	FF05
		_TMA_REG	FF06
		_TAC_REG	FF07
		_IF_REG	FF0F
		_NR10_REG	FF10
		_NR11_REG	FF11
		_NR12_REG	FF12
		_NR13_REG	FF13
		_NR14_REG	FF14
		_NR21_REG	FF16
		_NR22_REG	FF17
		_NR23_REG	FF18
		_NR24_REG	FF19
		_NR30_REG	FF1A
		_NR31_REG	FF1B
		_NR32_REG	FF1C
		_NR33_REG	FF1D
		_NR34_REG	FF1E
		_NR41_REG	FF20
		_NR42_REG	FF21
		_NR43_REG	FF22
		_NR44_REG	FF23
		_NR50_REG	FF24
		_NR51_REG	FF25
		_NR52_REG	FF26
		_LCDC_REG	FF40
		_STAT_REG	FF41
		_SCY_REG	FF42
		_SCX_REG	FF43
		_LY_REG	FF44
		_LYC_REG	FF45
		_DMA_REG	FF46
		_BGP_REG	FF47
		_OBP0_REG	FF48
		_OBP1_REG	FF49
		_WY_REG	FF4A
		_WX_REG	FF4B
		_KEY1_REG	FF4D
		_VBK_REG	FF4F
		_HDMA1_REG	FF51
		_HDMA2_REG	FF52
		_HDMA3_REG	FF53
		_HDMA4_REG	FF54
		_HDMA5_REG	FF55
		_RP_REG	FF56
		_BCPS_REG	FF68
		_BCPD_REG	FF69
		_OCPS_REG	FF6A
		_OCPD_REG	FF6B
		_SVBK_REG	FF70
		_IE_REG	FFFF
MODULES
	FILE c:\gbdk\lib/small/asxxxx/gb/crt0.o
		NAME Runtime
	FILE main.o
		NAME lcc68960
LIBRARIES
	LIBRARY c:\gbdk\lib/small/asxxxx/gb/gb.lib
		MODULE sfr.o
	LIBRARY c:\gbdk\lib/small/asxxxx/gb/gb.lib
		MODULE f_spect.o
	LIBRARY c:\gbdk\lib/small/asxxxx/gb/gb.lib
		MODULE ibmfixed.o
	LIBRARY c:\gbdk\lib/small/asxxxx/gb/gb.lib
		MODULE pad.o
	LIBRARY c:\gbdk\lib/small/asxxxx/gb/gb.lib
		MODULE f_italic.o
	LIBRARY c:\gbdk\lib/small/asxxxx/gb/gb.lib
		MODULE f_ibm_sh.o
	LIBRARY c:\gbdk\lib/small/asxxxx/gb/gb.lib
		MODULE delay.o
	LIBRARY c:\gbdk\lib/small/asxxxx/gb/gb.lib
		MODULE font.o
	LIBRARY c:\gbdk\lib/small/asxxxx/gb/gb.lib
		MODULE f_min.o
	LIBRARY c:\gbdk\lib/small/asxxxx/gb/gb.lib
		MODULE drawing.o
	LIBRARY c:\gbdk\lib/small/asxxxx/gb/gb.lib
		MODULE init_tt.o
	LIBRARY c:\gbdk\lib/small/asxxxx/gb/gb.lib
		MODULE cpy_data.o
USERBASEDEF
	_CODE=0x0200
	_DATA=0xC0A0
	_CODE_1=0x4000
USERGLOBALDEF
	.OAM=0xC000
	.STACK=0xE000
	.refresh_OAM=0xFF80
	.init=0x0000
